
> study-app@0.1.0 build
> next build

Γû▓ Next.js 16.1.6 (Turbopack)
- Environments: .env.local, .env

  Creating an optimized production build ...
Γ£ô Compiled successfully in 3.2s
  Running TypeScript ...
  Collecting page data using 23 workers ...
  Generating static pages using 23 workers (0/43) ...
  Generating static pages using 23 workers (10/43) 
  Generating static pages using 23 workers (21/43) 
  Generating static pages using 23 workers (32/43) 
Γ£ô Generating static pages using 23 workers (43/43) in 516.8ms
  Finalizing page optimization ...

Route (app)
Γöî Γùï /
Γö£ ╞Æ /_not-found
Γö£ ╞Æ /api/ai/lessons
Γö£ ╞Æ /api/auth/delete
Γö£ ╞Æ /api/auth/export
Γö£ ╞Æ /api/auth/login
Γö£ ╞Æ /api/auth/logout
Γö£ ╞Æ /api/auth/me
Γö£ ╞Æ /api/auth/register
Γö£ ╞Æ /api/auth/verify
Γö£ ╞Æ /api/flashcards
Γö£ ╞Æ /api/generate-flashcards
Γö£ ╞Æ /api/generate-personalized-plan
Γö£ ╞Æ /api/generate-plan
Γö£ ╞Æ /api/generate-practice
Γö£ ╞Æ /api/generate-question
Γö£ ╞Æ /api/lessons
Γö£ ╞Æ /api/practice-tests
Γö£ ╞Æ /api/practice-tests/[id]/score
Γö£ ╞Æ /api/scores/history
Γö£ ╞Æ /api/session
Γö£ ╞Æ /api/stripe/create-checkout
Γö£ ╞Æ /api/stripe/create-portal
Γö£ ╞Æ /api/stripe/subscription-status
Γö£ ╞Æ /api/stripe/sync-subscription
Γö£ ╞Æ /api/study-plans
Γö£ ╞Æ /api/webhooks/stripe
Γö£ ╞Æ /dashboard
Γö£ Γùï /digital-sat-math-practice-test
Γö£ ╞Æ /flashcards
Γö£ Γùï /hard-sat-math-questions
Γö£ ╞Æ /lessons
Γö£ Γùï /login
Γö£ Γùï /opengraph-image
Γö£ ╞Æ /practice
Γö£ Γùï /privacy
Γö£ ╞Æ /progress
Γö£ Γùï /robots.txt
Γö£ Γùï /sat-algebra-practice-questions
Γö£ Γùï /sat-geometry-practice-questions
Γö£ Γùï /sat-linear-equations-practice
Γö£ Γùï /sat-quadratics-practice
Γö£ Γùï /signup
Γö£ Γùï /sitemap.xml
Γö£ ╞Æ /study-plan
Γö£ Γùï /support
Γö£ Γùï /terms
Γöö Γùï /twitter-image


╞Æ Proxy (Middleware)

Γùï  (Static)   prerendered as static content
╞Æ  (Dynamic)  server-rendered on demand

